2026-07-20 20:07:50 | INFO | Running Chartink scans...
2026-07-20 20:07:51 | INFO | Scan 'Breakout Momentum' returned 42 stocks
2026-07-20 20:07:51 | INFO | Scan 'EMA Pullback' returned 43 stocks
2026-07-20 20:07:52 | INFO | Scan 'Range Breakout' returned 91 stocks
2026-07-20 20:07:52 | INFO | Total raw hits: 176
2026-07-20 20:07:52 | INFO | Top picks: ['NAVINFLUOR', 'FLUOROCHEM', 'STYLAMIND']
2026-07-20 20:07:53 | INFO | Telegram alert sent
? *Daily Swing Picks* ? 20 Jul 2026, 08:07 PM IST
Pool: 124 stocks ? Top 3 recommendations

?? Not financial advice. Always verify on chart before buying.

*#1 NAVINFLUOR* (Breakout Momentum)
   Price: ?7,861.50 (+3.73%)
   Entry: ?7,861.50
   Stop: ?7,625.65 (-3%)
   Target: ?8,254.58 ? ?8,647.65 (+5?10%)
   Score: 1.00 | Vol: 228,991
   _Weekly high breakout with volume and 50/200 SMA trend support._

*#2 FLUOROCHEM* (Breakout Momentum)
   Price: ?4,316.20 (+4.13%)
   Entry: ?4,316.20
   Stop: ?4,186.71 (-3%)
   Target: ?4,532.01 ? ?4,747.82 (+5?10%)
   Score: 1.00 | Vol: 308,264
   _Weekly high breakout with volume and 50/200 SMA trend support._

*#3 STYLAMIND* (Breakout Momentum)
   Price: ?3,414.30 (+5.04%)
   Entry: ?3,414.30
   Stop: ?3,311.87 (-3%)
   Target: ?3,585.02 ? ?3,755.73 (+5?10%)
   Score: 1.00 | Vol: 62,999
   _Weekly high breakout with volume and 50/200 SMA trend support._

? Hold horizon: 5?10 trading days. Exit if stop hits.
